// Jest Snapshot v1, https://goo.gl/fbAQLP

exports[`Create Booking on Listing success with  frequency weekly, one weekday, on property proeprty2 1`] = `
Object {
  "data": Object {
    "createBooking": Object {
      "Booking": Object {
        "bookingStatus": "PENDING",
        "endDate": "1658736000003",
        "frequency": "WEEKLY",
        "property": Object {
          "handle": "prop1",
          "size": 123,
          "title": "prop title",
        },
        "startDate": "1656316800003",
        "tenant": Object {
          "email": "user1@gmail.com",
          "fullName": "User 1",
          "handle": "user1",
          "zip": 13000,
        },
        "totalPrice": 384,
      },
      "ClientErrorInvalidInput": null,
      "ClientErrorInvalidPropertyInput": null,
      "ClientErrorPropertyNotExists": null,
      "ClientErrorUserNotExists": null,
      "NoAvailableSlots": null,
      "UnknownError": null,
    },
  },
  "errors": undefined,
  "extensions": undefined,
  "http": Object {
    "headers": Headers {
      Symbol(map): Object {},
    },
  },
}
`;
