// Jest Snapshot v1, https://goo.gl/fbAQLP

exports[`Find user query can query a single user by the handle 1`] = `
Object {
  "data": Object {
    "findUser": Object {
      "ClientErrorInvalidHandle": null,
      "ClientErrorUserNotExists": null,
      "User": Object {
        "email": "user1@gmail.com",
        "fullName": "User 1",
        "handle": "user1",
        "zip": 13000,
      },
    },
  },
  "errors": undefined,
  "extensions": undefined,
  "http": Object {
    "headers": Headers {
      Symbol(map): Object {},
    },
  },
}
`;
